2026-08-17 13:05	020	ホームアリーナに、クラブと同じ名前を —— 松江市総合体育館は9月から「バンダイナムコアリーナ松江」に	https://prtimes.jp/main/html/rd/p/000002294.000051316.html
2026-08-17 17:03	021	トリプルダブルの王が、コートを去る —— ラッセル・ウェストブルック、18シーズンで現役引退	https://x.com/ShamsCharania/status/2087612366439477683
2026-08-17 17:15	022	同じ街で、新しいユニフォームを —— 八村塁、クリッパーズと2年2800万ドルで契約合意	https://x.com/ShamsCharania/status/2074153176056352874
2026-08-17 22:31	023	遅めのオフシーズンに、掘り出し物 —— トレンドン・ワトフォード、ペリカンズと1年290万ドルで契約合意	https://x.com/ShamsCharania/status/2089337966183219709
2026-08-18 00:52	024	古巣へ、1年契約で復帰 —— ヘイウッド・ハイスミス、サンズと合意	https://x.com/ShamsCharania/status/2089365249832972755
2026-08-18 04:50	025	レイカーズ、バス家が最後の株式を手放す —— カシュナー氏とアイガー氏に17.8%売却、ジーニー・バスはガバナー退任へ	https://x.com/ShamsCharania/status/2089434828114665798
2026-08-20 09:53	026	ワトソン、キャバリアーズへ —— ナゲッツとの5チーム間サイン&トレードで合意へ	https://x.com/ChrisBHaynes/status/2090226657672253762
2026-08-20 12:52	027	名作「ACCELERATOR」が最新技術で復活 —— コンバース「CONS ACCELERATOR SE LOW」8月25日発売	https://prtimes.jp/main/html/rd/p/000000205.000010657.html
2026-08-20 12:03	028	ハーデン、キャバリアーズ残留 —— 3年9700万ドルの新契約で合意	https://www.espn.com/nba/story/_/id/49671792/james-harden-agrees-3-year-97m-deal-remain-cavaliers
2026-08-21 12:51	029	「機敏性」で重なる2社 —— AGEST、東京ユナイテッドバスケットボールクラブとオフィシャルパートナー契約	https://prtimes.jp/main/html/rd/p/000000085.000137899.html
2026-08-21 13:50	030	コートを3分割、実戦スキルを叩き込む —— 琉球ゴールデンキングス「キングスバスケットボールスクールサマーキャンプ2026」	https://prtimes.jp/main/html/rd/p/000001464.000036112.html
2026-08-21 18:55	031	高校バスケの頂点争い、全56試合を無料生中継 —— スポーツナビ「U18日清食品トップリーグ2026」ライブ配信・速報	https://prtimes.jp/main/html/rd/p/000000347.000077000.html
2026-08-21 19:52	032	ティンバーウルブズ&リンクス、支配株主が交代 —— マーク・スタッド氏がロア氏保有株の大半を取得、評価額45億ドル	https://www.espn.com/nba/story/_/id/49681800/sources-stad-reaches-deal-controlling-stake-t-wolves-lynx
2026-08-21 19:57	033	クレイ・トンプソン、マーベリックス退団へ —— ヒート入り濃厚、ジアニス擁する優勝候補に加入	https://www.espn.com/nba/story/_/id/49683637/mavs-buy-klay-thompson-deal-heat-move-deck-sources-say
2026-08-21 21:53	034	デマー・デローザン、ナゲッツ入り合意 —— ヒート等蹴り1年390万ドル、ヨキッチ&マレーの下でプレーオフ勝負へ	https://www.espn.com/nba/story/_/id/49684447/nuggets-signing-6-all-star-demar-derozan-1-year-deal
2026-08-22 05:52	035	びんご福山デニックス、9月12日・13日にホームゲーム —— 観戦無料、九州電力・富士通と対戦	https://prtimes.jp/main/html/rd/p/000000003.000185925.html
2026-08-24 00:52	036	Anker Japan、Bリーグ王者・長崎ヴェルカとトップパートナー契約 —— ユニフォーム胸ロゴとアリーナ命名権を取得、直営店も出店	https://prtimes.jp/main/html/rd/p/000000670.000016775.html
2026-08-24 12:52	037	陽吉グループ、大分・柳ヶ浦高校男子バスケ部のスポンサーに就任 —— U18日清食品トップリーグ2026初出場、開幕戦で鳥取城北を67-57で撃破	https://prtimes.jp/main/html/rd/p/000000021.000184560.html
2026-08-24 14:53	038	日本経済大学、バスケ部の監督と学生が国際舞台へ —— 片桐監督が日本代表コーチとしてジョーンズカップ、中老選手はWKBLフューチャーズリーグの日本学生選抜に	https://prtimes.jp/main/html/rd/p/000000334.000020664.html
2026-08-24 20:54	039	シェイドン・シャープが右膝半月板損傷 —— ブレイザーズの23歳、全治6ヶ月で2026-27シーズン大半を欠場へ	https://www.espn.com/nba/story/_/id/49715231/sources-blazers-sharpe-miss-6-months-meniscus-tear
2026-08-25 23:54	040	ウォリアーズがブランドン・ウィリアムズと1年260万ドルで契約合意 —— マーベリックスから加入、バトラー&ムーディ離脱のベンチ層を補強	https://www.espn.com/nba/story/_/id/49722217/warriors-sign-free-agent-brandon-williams-1-year-deal
2026-08-25 23:55	041	ウォリアーズがジョージ・ニアングと1年390万ドルで契約合意 —— ブランドン・ウィリアムズに続く今夏2人目の補強、15人ロースターが確定	https://www.espn.com/nba/story/_/id/49726223/sources-warriors-sign-georges-niang-completing-roster
2026-08-26 01:52	042	さいたまブロンコス vs 秋田ノーザンハピネッツ、プレシーズンマッチを8月29日開催 —— Red EyeやENBASEが試合前を彩る	https://prtimes.jp/main/html/rd/p/000000103.000128079.html
2026-08-26 02:51	043	車いすバスケットボール「ペイロールカップ」第4回、9月26日・27日に札幌開催	https://prtimes.jp/main/html/rd/p/000000061.000158431.html
2026-08-26 03:56	044	北部地域と交流、約90人が参加 —— 琉球ゴールデンキングス「KINGS ACADEMY CUP 2026」を名護市で開催	https://prtimes.jp/main/html/rd/p/000001467.000036112.html
2026-08-26 09:52	045	中学・高校生34人が参加 —— 群馬クレインサンダーズ、鶴巻啓太・細川一輝が指導するバスケットボールスキルアップクリニックを開催	https://prtimes.jp/main/html/rd/p/000000198.000116683.html
2026-08-26 15:53	046	ベネディクト・マチュリン、ペリカンズ入り合意 —— 2年1600万ドル、クリッパーズへのQO撤回で移籍実現	https://www.espn.com/nba/story/_/id/49732472/sources-pelicans-reach-2-year-16m-deal-bennedict-mathurin
2026-08-26 23:53	047	ジョナサン・クミンガ、ティンバーウルブズ入り合意 —— 2年1240万ドル、レイカーズのサインアンドトレード案を退ける	https://www.espn.com/nba/story/_/id/49736014/jonathan-kuminga-reaches-2-year-deal-minnesota-timberwolves
2026-08-27 10:52	048	大阪エヴェッサ・藤田弘輝HC、日本代表コーチに選出 —— FIBAワールドカップ2027アジア予選、サウジアラビア戦で指揮	https://prtimes.jp/main/html/rd/p/000000321.000045254.html
2026-08-27 11:51	049	茨城ロボッツ・吉井裕鷹選手、日本代表ロスターに選出 —— FIBAワールドカップ2027アジア予選、サウジアラビア戦	https://prtimes.jp/main/html/rd/p/000000453.000037407.html
2026-08-27 16:50	050	地元企業が支える全国区の挑戦 —— 小松ウオール、北陸学院高校 男子バスケットボール部のメインパートナーに就任	https://prtimes.jp/main/html/rd/p/000000020.000168535.html
2026-08-28 00:51	051	台湾で掴んだ国際経験 —— 群馬クレインサンダーズ・中村拓人、淺野ケニー、日本代表として第45回ウィリアム・ジョーンズカップ出場	https://prtimes.jp/main/html/rd/p/000000196.000116683.html
2026-08-28 03:00	052	フランチャイズ史上2人目の栄誉 —— ラプターズ、カイル・ラウリーの背番号7永久欠番を発表	https://www.espn.com/nba/story/_/id/49743440/raptors-making-kyle-lowry-7-their-second-retired-number
2026-08-28 03:51	053	奈良から次世代の舞台へ —— バンビシャス奈良U18・米田時生、B.LEAGUE U18 TRYOUT CAMP 2026に初選出	https://prtimes.jp/main/html/rd/p/000000166.000105349.html
2026-08-28 14:51	054	夏休み、体育館に響いた歓声 —— 群馬クレインサンダーズ、県内7市町の放課後児童クラブを訪問	https://prtimes.jp/main/html/rd/p/000000195.000116683.html
2026-08-29 02:53	055	在籍200名突破 —— バスケットボールスクール「Rimtown」、元Bリーガー・齊藤洋介が指導	https://prtimes.jp/main/html/rd/p/000000012.000062904.html
2026-08-29 05:54	056	ジョシュ・グリーン、ジャズへトレード成立 —— ティンバーウルブズ、クミンガ契約完了へサラリー捻出	https://www.espn.com/nba/story/_/id/49759209/wolves-trade-3-d-wing-josh-green-jazaz
2026-08-31 02:50	057	隠れた名作「COURT STAR」が令和に蘇る —— コンバース「2FACED」9月11日先行発売	https://prtimes.jp/main/html/rd/p/000000208.000010657.html
2026-08-31 07:51	058	王寺町とバンビシャス奈良、バスケットボールフェスティバル開催 —— シュート大会や3x3で子どもたちと交流	https://prtimes.jp/main/html/rd/p/000000168.000105349.html
2026-08-31 08:55	059	首都圏189件、コートマップで一望 ——「バスケしようよ！」が新機能公開	https://prtimes.jp/main/html/rd/p/000000050.000089712.html
2026-08-31 11:52	060	HIS、B.LEAGUEと「グローカル・パートナー」契約 —— 公式ツアー「B.旅」独占展開へ	https://prtimes.jp/main/html/rd/p/000001374.000005110.html
2026-09-01 01:51	061	全中制覇の濵田誉（四日市メリノール学院）、堺整骨院とアンバサダー契約 —— 熊本地震復興応援大会も9月開催	https://prtimes.jp/main/html/rd/p/000000353.000045278.html
2026-09-01 14:51	062	ザムスト、河村勇輝選手とスポンサーシップ契約を更新 —— 2021年から続く4年目のパートナーシップ	https://prtimes.jp/main/html/rd/p/000000659.000002354.html
2026-09-01 16:55	063	バンビシャス奈良「バスケの日2026 in 奈良市」開催 —— 奈良市長も参加、約8時間バスケ三昧の一日に	https://prtimes.jp/main/html/rd/p/000000170.000105349.html
2026-09-01 16:55	064	U-NEXT、B.LEAGUE新体制の全試合を見放題配信 —— B.PREMIER・B.ONE、9月22日開幕	https://prtimes.jp/main/html/rd/p/000002919.000031998.html
2026-09-01 19:52	065	世界一に続き、国際舞台で準優勝 —— 上野原サンライズ女子、シンガポール「Jumpshot 3x3」で1st Runner Up	https://prtimes.jp/main/html/rd/p/000000160.000069992.html
2026-09-01 17:52	066	JOSHU RYDEEN、株式会社アップセットとオフィシャルサプライヤー契約締結	https://prtimes.jp/main/html/rd/p/000000021.000178099.html
2026-09-01 18:55	067	ターコ・フォール、76ersとキャンプ契約	https://www.espn.com/nba/story/_/id/49795456/76ers-sign-7-foot-6-center-tacko-fall-others-camp-deal
2026-09-02 00:52	068	新潟アルビレックスBB、採用戦略研究所とオフィシャルパートナー契約	https://prtimes.jp/main/html/rd/p/000000018.000018345.html
2026-09-02 05:52	069	名駅に一夜限りのバスケコート出現、名鉄×FE名古屋	https://prtimes.jp/main/html/rd/p/000000537.000089084.html
2026-09-02 08:58	070	ライバー事務所Beril、横浜エクセレンスとオフィシャルスポンサー契約	https://prtimes.jp/main/html/rd/p/000000005.000049198.html
2026-09-02 19:53	071	ラッセル・ウェストブルック、新リーグ「Project B」の共同創業者兼最高戦略責任者に就任	https://www.espn.com/wnba/story/_/id/49805676/russell-westbrook-joins-board-basketball-league-project-b
2026-09-03 03:51	072	「NBA docomo」新アンバサダーに河村勇輝 —— NBA2026-27シーズンパス、本日発売開始	https://prtimes.jp/main/html/rd/p/000000904.000118641.html
2026-09-03 04:54	073	元スパーズの名コンビ再結成 —— パティ・ミルズ、恩師トニー・パーカー率いるASVELへ移籍	https://www.espn.com/nba/story/_/id/49798527/tony-parker-taps-san-antonio-spurs-blueprint-patty-mills-joins-asvel
2026-09-03 14:56	074	次代のロケッツを託される —— アメン・トンプソン、5年2億800万ドルの契約延長で合意	https://www.espn.com/nba/story/_/id/49814480/sources-rockets-amen-thompson-agrees-5-year-208m-extension
2026-09-03 17:53	075	ENEOSサンフラワーズから女子日本代表に4名選出 —— 田中こころ・今野紀花ら、FIBA女子W杯2026へ	https://prtimes.jp/main/html/rd/p/000000129.000039980.html
2026-09-04 05:50	076	琉球ゴールデンキングスの「キングスU15」、沖縄県予選が9月5日開幕	https://prtimes.jp/main/html/rd/p/000001471.000036112.html
2026-09-04 14:54	077	1年半ぶりの現役復帰 —— ベン・シモンズ、キングスと1年350万ドルで契約合意	https://www.espn.com/nba/story/_/id/49824980/sources-ben-simmons-agrees-1-year-35m-deal-kings
2026-09-05 15:24	078	2026-27シーズンスローガンは「BREAK THE ORDER」 —— 群馬クレインサンダーズ、B.PREMIER初年度へ	https://prtimes.jp/main/html/rd/p/000001033.000024241.html
2026-09-05 15:30	079	WNBAコミッショナー、キャシー・エンゲルバート氏が年内退任へ	https://www.espn.com/wnba/story/_/id/49825466/sources-wnba-commissioner-cathy-engelbert-retire
2026-09-05 16:26	080	契約延長のトンプソンに"Win-Win"評価、デローザンはナゲッツへ —— ESPNが2026年NBA自由契約を採点	https://www.espn.com/nba/story/_/id/48957095/2026-nba-free-agency-grades-offseason-signings-deals-contracts-extensions-depth-charts
2026-09-05 16:26	081	新HCスウィーニーで巻き返しなるか —— ESPN、オーランド・マジックの2026-27シーズンを展望	https://www.espn.com/nba/story/_/id/49793920/orlando-magic-2026-27-season-preview-stats-roster-banchero-bane-wagner
2026-09-05 16:26	082	セルティックスvs76ers、"史上最多"のライバル対決が再燃 —— ESPNが2026-27シーズン注目の10大リバルリーを選出	https://www.espn.com/nba/story/_/id/49784053/nba-2026-2027-rivalries-watch-thunder-spurs-celtics-lebron-james-76ers
2026-09-05 17:09	083	川久保玲がAir Jordan 11を"ドレスシューズ"に —— COMME des GARÇONS HOMME PLUSコラボ、9月5日発売	https://hypebeast.com/jp/2026/9/comme-des-garcons-homme-plus-air-jordan-11-release-info
2026-09-05 17:09	084	20年ぶりの復刻 —— Air Jordan 4「Tour Yellow」9月5日発売	https://sneakernews.com/2026/09/04/air-jordan-4-tour-yellow-store-list/
2026-09-05 14:35	085	サブリナ・イオネスクの4代目シグネチャー —— Nike Sabrina 4「The Switch」本日発売	https://www.nicekicks.com/nike-sabrina-4-the-switch-ii0402-600/
2026-09-05 15:30	086	『スペース・ジャム』30周年復刻 —— Air Jordan 9 OG「Space Jam」9月19日発売	https://sneakerbardetroit.com/air-jordan-9-og-space-jam-2026-release-date/
2026-09-06 03:35	087	クラブエンブレムを刻んだコービーモデル —— Nike Kobe 3 Low Protro「Electro Purple」9月4日発売	https://hypebeast.com/2026/9/fc-barcelona-nike-kobe-3-protro-electric-purple-io6257-001-release-info
2026-09-07 04:33	088	雨と雪の日にも履ける一足に —— Nike Air Force 1 Low GORE-TEX「Baroque Brown」発表	https://hypebeast.com/jp/2026/9/nike-air-force-1-low-gore-tex-baroque-brown-hv5953-200-official-images
2026-09-07 11:56	089	ジアニス退団、再建の船出へ —— ESPN、ミルウォーキー・バックスの2026-27シーズンを展望	https://www.espn.com/nba/story/_/id/49854792/milwaukee-bucks-offseason-recap-2026-27-season-preview-stats-roster-depth-chart
2026-09-07 18:40	090	新色「Idols Become Rivals」—— Air Jordan 12が9月12日発売	https://www.nicekicks.com/air-jordan-12-idols-becomes-rivals-ct8013-103-drop/
2026-09-08 10:55	091	新宿givers、初参戦シーズンでPLAYOFFS進出決定 —— 3x3.EXE PREMIER女子、10月3・4日に大阪へ	https://prtimes.jp/main/html/rd/p/000000062.000137287.html
2026-09-08 11:52	092	株式会社Revision、宇都宮ブレックスのオフィシャルスポンサーに就任	https://prtimes.jp/main/html/rd/p/000000010.000156494.html
2026-09-08 09:33	093	レブロン最新シグネチャー「LEBRON 23」新色「White & Team Red」登場	https://flymag.jp/news/67123/
2026-09-08 11:30	094	京都先端科学大学、京都ハンナリーズの冠試合を初開催 —— 11月13日、茨城ロボッツ戦	https://prtimes.jp/main/html/rd/p/000000040.000144315.html
2026-09-08 12:00	095	新人ウィルソンが新たな顔に —— ESPN、シカゴ・ブルズの2026-27シーズンを展望	https://www.espn.com/nba/story/_/id/49815632/chicago-bulls-2026-27-season-preview-stats-roster-wilson-giddey-buzelis
2026-09-08 12:01	096	ハリバートン、アービングら故障組が続々復帰へ —— ESPN、2026-27シーズン開幕前チェック	https://www.espn.com/nba/story/_/id/49827564/biggest-injury-returns-2026-27-nba-season-irving-haliburton-doncic-butler-lillard
2026-09-08 12:44	097	スペクトラム跡地に新アリーナ —— 76ers・フライヤーズ、2030年開業へ始動	https://www.espn.com/nba/story/_/id/49867971/arena-76ers-flyers-marks-new-era-philadelphia-sports
2026-09-08 12:44	098	Air Jordan 1 Low Element GTXに新色「Cream II」—— GORE-TEX仕様で秋冬向けに	https://hypebeast.com/2026/9/air-jordan-1-low-element-gtx-cream-ii-light-orewood-brown-coconut-milk-ridgerock-fv4227-202-official-images-info
2026-09-08 12:57	099	ジョーダン・ホーキンス、グリズリーズへトレード成立 —— ペリカンズ、AJ・ジョンソンとタジ・ギブソンを獲得	https://x.com/ShamsCharania
2026-09-08 13:53	100	Helpfeel、京都ハンナリーズと2年連続のゴールドパートナー契約 —— AIナレッジ検索で公式ヘルプサイトを継続支援	https://prtimes.jp/main/html/rd/p/000000528.000027275.html
2026-09-08 14:40	101	Nike Book 2に新色「Halloween」—— ブッカー恒例のハロウィン企画、今年はオオギー・ブギーがテーマに	https://sneakernews.com/2026/09/08/nike-book-2-halloween-io7942-001/
2026-09-08 15:36	102	Nike Ja 4「Jaws」が9月18日発売 —— サメをテーマにした新色	https://sneakernews.com/2026/09/08/nike-ja-4-jaws-ja9742-400-release-date/
2026-09-08 15:38	103	ホークス、フロント刷新 —— ディンウィディーがEVPに昇格、記者ボンテンプス氏も参画	https://x.com/MikeAScotto
2026-09-08 18:52	104	ウィザーズ、ニコルズ氏がバスケットボール運営担当VPに昇格 —— Gリーグ球団GMからフロント入り	https://x.com/MikeAScotto
2026-09-08 19:35	105	レイカーズ、フィル・ジャクソン氏の銅像建立へ —— スタープラザに9人目、2027年4月に除幕式	https://www.espn.com/nba/story/_/id/49871193/lakers-unveil-statue-hall-fame-coach-phil-jackson
2026-09-09 00:44	106	Air Jordan 7「Tennis Day」が9月9日発売 —— 価格215ドル	https://www.nicekicks.com/air-jordan-7-tennis-day-iv6508-030/
2026-09-09 03:57	107	コロプラ所属・赤石竜我、車いすバスケ日本代表としてIWBF世界選手権に出場 —— カナダ・オタワで9日開幕	https://prtimes.jp/main/html/rd/p/000002038.000004473.html
2026-09-09 03:57	108	神戸ストークス、専用トレーニングルーム「葉田道場」完成 —— エレコムがプラチナパートナー契約を2027年6月まで延長	https://prtimes.jp/main/html/rd/p/000001529.000026881.html
2026-09-09 07:57	109	アースフレンズ東京Z、ホーム開幕戦にダンスチーム「アバンギャルディ」出演 —— 9月26日、対立川ダイス	https://prtimes.jp/main/html/rd/p/000000103.000034571.html
2026-09-09 09:36	110	ANTA KAI 3「Alchemist」が9月12日発売	https://hypebeast.com/2026/9/kyrie-irving-anta-kai-3-alchemist-release-info
2026-09-09 11:52	111	ニックス・サンダー・スパーズが最上位 —— ESPN、NBA全30チームを2026-27シーズン開幕前に8段階格付け	https://www.espn.com/nba/story/_/id/49869446/nba-preview-2026-27-tiering-30-teams-where-knicks-spurs-lakers-warriors-76ers-celtics-check-in
2026-09-09 11:59	112	キャバリアーズ2026-27プレビュー —— ESPNがオフシーズンを「B」評価、鍵はハーデンとタイソン	https://www.espn.com/nba/story/_/id/49869015/cleveland-cavaliers-offseason-recap-2026-27-nba-season-preview-stats-roster-depth-chart
2026-09-10 05:28	113	レイカーズ、ヒートのアムスラー氏をアシスタントGMに招聘	https://www.reddit.com/r/nba/comments/1wbxb6d/charania_the_los_angeles_lakers_are_hiring_miami/
2026-09-10 09:34	114	ジョーダン ブランド「テイタム5」発表 —— 復帰のジェイソン・テイタム、雑音を遮断する哲学を体現	https://flymag.jp/news/67161/
2026-09-10 10:51	115	CHIBA SKY WINGS 多古町3x3エキシビジョン開催・新宿女子優勝	https://prtimes.jp/main/html/rd/p/000000009.000173160.html
2026-09-10 12:55	116	ピストンズ2026-27プレビュー —— ESPNがオフシーズンを「C−」評価	https://www.espn.com/nba/story/_/id/49826930/detroit-pistons-2026-27-season-preview-stats-roster-jalen-duren-cade-cunningham
2026-09-10 15:39	117	横浜エクセレンス、地元中学校7校にバスケットボールを寄贈	https://prtimes.jp/main/html/rd/p/000000224.000036241.html
2026-09-10 15:39	118	Air Jordan 4「Fire Red」2027年秋に復刻	https://sneakernews.com/2026/09/10/air-jordan-4-fire-red-2027/
2026-09-10 15:39	119	Air Jordan 14「Blue Ferrari」2027年秋発売へ	https://sneakernews.com/2026/09/10/air-jordan-14-blue-ferrari/
2026-09-10 16:35	120	Air Jordan 1 High OG「Royal」10月10日に復刻	https://www.nicekicks.com/air-jordan-1-high-og-royal-iq5495-005/
2026-09-10 22:32	121	Jordan Tatum 5「Sunrise」が10月15日発売	https://sneakernews.com/2026/09/10/jordan-tatum-5-sunrise-io1746-401/
2026-09-11 04:48	122	神戸ストークス、B.LEAGUE PREMIER初年度もシン・エナジーとトップパートナー契約	https://prtimes.jp/main/html/rd/p/000000104.000025041.html
2026-09-11 07:58	123	仙台89ERSエポスカード誕生	https://prtimes.jp/main/html/rd/p/000004204.000003860.html
2026-09-11 10:52	124	茨城ロボッツとドコモが新プロジェクト始動	https://prtimes.jp/main/html/rd/p/000000909.000118641.html
2026-09-11 12:51	125	ペイサーズ2026-27プレビュー —— ハリバートン復帰、ESPNは「B−」評価でズバッチ加入を評価	https://www.espn.com/nba/story/_/id/49880687/indiana-pacers-2026-27-season-preview-stats-roster-tyrese-haliburton
2026-09-11 13:35	126	adidas Anthony Edwards 3「Snow Camo」が10月9日発売	https://sneakerbardetroit.com/adidas-anthony-edwards-3-snow-camo-kh8542/
2026-09-11 14:40	127	NBA理事会が来週開催 —— クリッパーズ処分の「次章」とNBAヨーロッパ構想	https://www.espn.com/nba/story/_/id/49894591/nba-intel-board-governors-next-steps-clippers-las-vegas-seattle-europe-expansion
2026-09-11 15:36	128	Mowalola x Air Jordan 14「Burnt Red」が9月18日発売	https://www.nicekicks.com/mowalola-air-jordan-14-sp-burnt-red-iq5708-001/
2026-09-11 16:10	129	NBA×Nikeが新ユニフォーム「Specter」発表 —— ニックス・セルティックス・レイカーズなど伝統8球団に導入	https://www.espn.com/nba/story/_/id/49885469/nba-nike-specter-uniforms-2026-knicks-lakers-celtics-warriors-pistons-76ers-hawks-kings
2026-09-11 16:12	130	サンズのマーク・ウィリアムズが左肩を手術 —— 関節唇断裂で長期離脱へ	https://www.reddit.com/r/nba/comments/1wdkbt7/charania_phoenix_suns_center_mark_williams/
2026-09-11 16:33	131	J Balvin x Air Jordan 4「Lemonade」が2026年9月発売	https://sneakernews.com/2026/09/11/j-balvin-air-jordan-4-lemonade-iw2872-700-release-date/
2026-09-11 20:27	132	カワイ・レナードのラプターズ移籍、NBA承認に「障害なし」	https://www.reddit.com/r/nba/comments/1wdr2cn/stein_sources_briefed_on_the_situation_tell_the/
2026-09-11 21:35	133	Anthony Edwards x adidas Superstar II「Bliss Blue」が9月18日発売	https://www.nicekicks.com/anthony-edwards-adidas-superstar-ii-bliss-blue-la7828/
2026-09-11 21:35	134	adidas Anthony Edwards 3「Cold Blooded」が9月18日発売	https://www.nicekicks.com/adidas-anthony-edwards-3-cold-blooded-kh8537-2026/
2026-09-12 16:35	135	Air Jordan 1 Low OG「Last Dance At The Garden」が9月26日発売	https://sneakerbardetroit.com/air-jordan-1-low-og-last-dance-in-the-garden/
2026-09-13 07:10	136	クリッパーズとレナードの契約疑惑、連邦検察も捜査に着手	https://www.espn.com/nba/story/_/id/49898498/report-feds-investigating-clippers-kawhi-leonard-dealings
2026-09-13 07:10	137	ビール、クリッパーズで背番号3に	https://www.espn.com/nba/story/_/id/49894105/clippers-indicate-chris-paul-old-no-3-going-bradley-beal
2026-09-13 07:10	138	クリッパーズ処分の全貌	https://www.espn.com/nba/story/_/id/49806683/nba-punishes-la-clippers-kawhi-leonard-investigation-30-million-fine-steve-ballmer-suspensions-top-questions
2026-09-14 02:48	139	アンダーアーマー「フォックス3」が9月18日発売	https://prtimes.jp/main/html/rd/p/000000507.000003939.html
2026-09-14 12:24	140	仙台89ERS、アップドラフトとユニフォーム＆タオルスポンサー契約	https://prtimes.jp/main/html/rd/p/000000030.000109346.html
2026-09-14 09:50	141	男子日本代表、アジア大会で韓国に83-100で敗戦 —— 黒川虎徹が21得点、グループ2位で決勝Tへ	https://basketballking.jp/news/japan/20260913/632315.html
2026-09-14 11:54	142	76ersの「4人のスーパーユーザー」問題 —— レブロン加入で優勝オッズ改善も、勝ち星予想は小幅増にとどまる	https://www.espn.com/nba/story/_/id/49884867/philadelphia-76ers-offseason-recap-2026-27-season-preview-stats-roster-depth-chart
2026-09-14 14:55	149	デビン・カーター、セルティックスとキャンプ契約で合意	https://www.reddit.com/r/nba/comments/1wg5f1q/scotto_the_boston_celtics_and_devin_carter_have/
2026-09-14 15:37	150	B.LEAGUEとアソビシステムが連携 —— KAWAII LAB.所属5組が「B祭応援団」に就任、応援ソング「Over Drive」9月15日配信	https://prtimes.jp/main/html/rd/p/000000883.000017258.html
2026-09-14 16:36	153	Air Jordan 5「Sunset」が2006年以来初の復刻へ —— 公式画像公開、9月下旬に発売	https://sneakernews.com/2026/09/14/air-jordan-5-sunset-iv5678-102-release-date/
2026-09-14 17:37	155	Nike Kobe 3 Protro「Orca」が9月26日発売	https://sneakerbardetroit.com/nike-kobe-3-protro-orca-iq5340-001/
2026-09-14 17:38	154	Nike Air Bakin OG「Varsity Red」が9月29日発売	https://sneakerbardetroit.com/nike-air-bakin-varsity-red-2026/
2026-09-14 18:39	156	adidas Superstar「Cold Blooded」が9月18日発売 —— アンソニー・エドワーズのシグネチャー展開拡大	https://sneakernews.com/2026/09/14/anthony-edwards-adidas-superstar-cold-blooded-la7828/
2026-09-14 19:00	157	カワイ・レナードのラプターズ移籍が完全合意 —— クリッパーズはインガム、ディック、指名権5つを獲得とシャムズ・シャラニア記者	https://www.reddit.com/r/nba/comments/1wgc7hj/charania_done_deal_the_la_clippers_and_raptors/
2026-09-14 19:08	158	タジ・ギブソン、17年の現役に幕 —— ブルズでティアゴ・スプリッター新体制のアシスタントコーチへ	https://www.reddit.com/r/nba/comments/1wgcfn6/charania_after_17_nba_seasons_taj_gibson_is/
2026-09-15 00:53	159	SAKURA FUNABASHI、中国遠征でベスト4 —— 初期メンバー再結集の3x3チーム、9月27日は甲子園へ	https://prtimes.jp/main/html/rd/p/000000054.000121175.html
2026-09-15 03:26	160	パルシステム埼玉、さいたまブロンコスとスポンサー契約	https://prtimes.jp/main/html/rd/p/000001359.000006976.html
2026-09-15 04:36	161	定番に全面レオパード柄 —— Nike Air Force 1 Low「Leopard」がFall 2026発売	https://hypebeast.com/2026/9/nike-air-force-1-low-leopard-ja5714-900-official-look-release-info
2026-09-15 04:36	162	漆黒にScream Greenの縁取り —— Air Jordan 1 Low「Halloween」、蓄光アウトソールでFall 2026発売	https://hypebeast.com/2026/9/air-jordan-1-low-halloween-iq5494-001-official-look-release-info
2026-09-15 05:51	163	ABEMA、B.LEAGUE PREMIER開幕戦「アルバルク東京vs琉球」を無料生中継	https://prtimes.jp/main/html/rd/p/000003975.000064643.html
2026-09-15 10:33	164	Nike「Caitlin 1」発表 —— ケイトリン・クラーク初のシグネチャーシューズ、中国9月24日・世界10月1日発売	https://hypebeast.com/2026/9/nike-official-debut-caitlin-1-signature-collection-release-info
2026-09-15 20:54	165	セルティックス、ブラウン放出でジョージ獲得 —— 復活のテイタムに懸かる2026-27シーズン	https://www.espn.com/nba/story/_/id/49939898/boston-celtics-offseason-recap-early-2026-27-season-preview-jayson-tatum
2026-09-16 09:48	166	ジョン・コンチャー、ニックスと1年契約に合意	https://www.reddit.com/r/nba/comments/1whhtuf/charania_free_agent_forward_john_konchar_has/
2026-09-16 13:33	167	Number PLUS「Bリーグ2026-27 公式ガイドブック」が9月16日発売	https://prtimes.jp/main/html/rd/p/000001117.000043732.html
2026-09-16 15:40	168	コービー8 プロトロに新色「Mambacurial」が復活	https://flymag.jp/news/67240/
2026-09-16 16:37	169	ワンコンシスト、東京ユナイテッドBBCとオフィシャルパートナー契約	https://prtimes.jp/main/html/rd/p/000000005.000129367.html
2026-09-16 12:00	170	ネッツ2026-27プレビュー —— ESPNがオフシーズンを「B-」評価	https://www.espn.com/nba/story/_/id/49904334/brooklyn-nets-2026-27-season-preview-stats-roster-michael-porter-jr-julius-randle
2026-09-16 12:00	171	サンダーが2年連続首位、スパーズは10位から2位へ急浮上 —— ESPN「フューチャー・パワーランキング」2026-27版	https://www.espn.com/nba/story/_/id/49894769/nba-future-power-rankings-three-year-outlooks-all-30-teams
2026-09-16 15:16	172	男子日本代表、アジア大会準々決勝でチャイニーズ・タイペイに85-78で辛勝 —— 黒川虎徹23得点、準決勝は中国と対戦	https://basketballking.jp/news/japan/20260916/632944.html
2026-09-17 02:22	173	元全体2位指名、ジェームズ・ワイズマン —— ニックスとエキシビット9契約に合意	https://www.reddit.com/r/nba/comments/1wi379m/scotto_the_new_york_knicks_have_signed_former_no/
2026-09-17 03:20	174	Nike Kobe 5 Protro「What The Rick」2027年夏発売 —— ブランソンの新PE、一般発売コービーPEは4足目	https://sneakernews.com/2026/09/16/jalen-brunson-nike-kobe-5-protro-what-the-rick-ja7364-800/
2026-09-17 04:56	175	佐賀バルーナーズ、B.LEAGUE PREMIER開幕戦へ —— 元NBAナシール・リトルが新加入	https://prtimes.jp/main/html/rd/p/000000212.000055607.html
2026-09-17 06:26	176	Nike Kobe 3 Low Protro「Mismatch」が9月19日発売	https://sneakerbardetroit.com/nike-kobe-3-low-protro-gs-mismatch-iz7934-900/
2026-09-17 04:00	177	デュオップ・リース、サンズと契約合意 —— ウィリアムズ離脱のセンター陣を補強	https://www.espn.com/nba/story/_/id/49961989/sources-suns-add-center-depth-free-agent-duop-reath
2026-09-17 04:00	178	SS所属リハーズ・ククシクス、ラトビア代表として「FIBA 3x3 Europe Cup 2026」優勝	https://prtimes.jp/main/html/rd/p/000000042.000153618.html
2026-09-17 05:05	179	Nike Kobe 3 Protro「Black & White」が復刻 —— シャチ着想の2008年モデルをステルスカラーで再現	https://flymag.jp/news/67266/
2026-09-17 05:57	180	Garmin、横浜ビー・コルセアーズとオフィシャルパートナー契約	https://prtimes.jp/main/html/rd/p/000000122.000135223.html
2026-09-17 07:54	181	ステディジャパン、ベルテックス静岡とサポートパートナー契約 —— 「STEADYスピンバイク Pro」でコンディショニング支援	https://prtimes.jp/main/html/rd/p/000000107.000044477.html
2026-09-17 12:04	182	りそなグループ、B.LEAGUE 2026-27シーズンのキービジュアルを公開 —— タイトルパートナー3年目、55選手の挑戦を伝える特設サイトも	https://prtimes.jp/main/html/rd/p/000000037.000100027.html
2026-09-17 12:05	183	ラプターズ、カワイ・レナード加入でイースト屈指の優勝候補に —— ESPNが2026-27シーズンプレビュー	https://www.espn.com/nba/story/_/id/49951883/toronto-raptors-2026-27-season-preview-stats-roster-kawhi-leonard-scottie-barnes
2026-09-17 21:11	184	女子日本代表、アジア大会初戦でホンコン・チャイナに114-37の大勝 —— 舘山萌菜が26得点、グループ2戦目はカザフスタンと対戦	https://basketballking.jp/news/japan/20260917/633138.html
2026-09-18 00:47	185	カワイ・レナード、ラプターズとの契約延長交渉が大詰め —— 最大2年1億2600万ドルでの署名資格	https://www.reddit.com/r/nba/comments/1wiuvhh/fischer_the_toronto_raptors_and_kawhi_leonard/
2026-09-18 07:19	186	元NBA選手マイケル・スウィートニー氏が43歳で死去 —— ジョージタウン大出身、2003年ドラフト全体9位でニックス入り	https://www.espn.com/nba/story/_/id/49967767/sweetney-played-hoyas-knicks-bulls-dies-43
2026-09-18 07:52	187	ペリカンズ、サディーク・ベイと3年5550万ドルの契約延長に合意 —— ACL断裂からの復活シーズンを評価	https://www.espn.com/nba/story/_/id/49965682/pelicans-saddiq-bey-agree-3-year-555m-contract-extension
2026-09-18 12:54	188	ワンキャリア、アルバルク東京と2026-27シーズンのプラチナパートナー契約を締結	https://prtimes.jp/main/html/rd/p/000000377.000035321.html
2026-09-18 12:54	189	TOKYO MX、アルバルク東京とオフィシャルパートナーシップ契約を更新	https://prtimes.jp/main/html/rd/p/000000270.000122205.html
2026-09-18 14:48	190	サンコール、京都ハンナリーズと2026-27シーズンのオフィシャルパートナー契約を継続	https://prtimes.jp/main/html/rd/p/000000019.000100135.html
2026-09-18 15:11	191	レブロン最新シグネチャー「LEBRON 24」新色「Chosen 1s」が登場 —— 本人がワークアウトで着用、品番IO8201-700	https://sneakernews.com/2026/09/17/nike-lebron-24-chosen-1s-io8201-700/
2026-09-18 16:55	192	JR西日本、B.LEAGUE「北陸ダービー」を交通系サービスWESTERで応援 —— 福井ブローウィンズ×金沢サムライズ、10月3-4日開催	https://prtimes.jp/main/html/rd/p/000002295.000095753.html
2026-09-18 20:22	193	佐々木クリス氏「えいごdeバスケ」第2回、オープンハウスアリーナ太田で9月25日開催 —— B.LEAGUE開幕戦翌日、群馬の小学生24名を無料招待	https://prtimes.jp/main/html/rd/p/000001044.000024241.html
2026-09-18 21:56	194	ニックス連覇なるか —— ESPNが2026-27シーズンプレビュー、タウンズの契約と故障リスクが焦点	https://www.espn.com/nba/story/_/id/49956980/new-york-knicks-offseason-recap-early-2026-27-season-preview-jalen-brunson
2026-09-18 21:56	195	「もっとやりたい！」障害のある参加者とプロ選手が3×3で交流 —— NPO法人おりがみ×石井食品、八千代フラッグスと「ぷちパラ旅」開催	https://prtimes.jp/main/html/rd/p/000000060.000076698.html
2026-09-18 22:53	196	クリーブランド・キャバリアーズ、ブランドン・ウィームズを新GMに昇格	https://www.espn.com/nba/story/_/id/49972620/cavaliers-promote-brandon-weems-general-manager-sources-say
2026-09-19 00:07	197	Nike Air Foamposite One「Green Camo」が9月18日発売	https://www.nicekicks.com/nike-air-foamposite-one-green-camo-im5204-001/
2026-09-19 01:06	198	琉球ゴールデンキングスとアルバルク東京、10年間の全対戦を振り返る	https://prtimes.jp/main/html/rd/p/000001476.000036112.html
2026-09-19 01:06	199	ジャズ、キーオンテ・ジョージと5年1億5750万ドルの契約延長に合意	https://www.espn.com/nba/story/_/id/49973626/sources-jazz-keyonte-george-agree-5-year-1575m-extension
2026-09-19 01:49	200	男子日本代表、64年ぶりのアジア大会決勝進出 —— 中国に97-78で完勝、金近が4本の3ポイントで19得点、決勝は韓国と再戦へ	https://basketballking.jp/news/japan/20260918/633374.html
2026-09-19 04:45	201	ナゲッツ、カム・ウィットモアとツーウェイ契約に合意 —— 2023年ドラフト1巡目指名、NBA4年目でロースター争いへ	https://www.reddit.com/r/nba/comments/1wjxj1s/charania_the_denver_nuggets_are_signing_2023/
2026-09-19 06:56	202	マイアミ・ヒート、ペレ・ラーソンと4年6000万ドルの契約延長に合意	https://www.reddit.com/r/nba/comments/1wk2eqx/charania_miami_heat_guard_pelle_larson_has_agreed/
2026-09-19 07:54	203	ピストンズ、アウサー・トンプソンと5年1億5500万ドルの契約延長に合意	https://www.espn.com/nba/story/_/id/49975360/detroit-pistons-ausar-thompson-reach-5-year-155-million-rookie-scale-contract-extension
2026-09-19 15:02	204	PSG×Nike KD6「Metallic Silver」が発売 —— デュラントとパリ・サンジェルマンのコラボ最新作、価格135ドル	https://sneakerbardetroit.com/psg-nike-kd-6-metallic-silver/
2026-09-19 18:07	205	Air Jordan 3 WMNS「Fireside」が2026年10月発売 —— ブラウン基調にピンクのレースを差した女性向けカラー、品番CK9246-200	https://www.nicekicks.com/air-jordan-3-wmns-fireside-ck9246-200/
2026-09-20 07:02	206	女子日本代表、アジア大会でカザフスタンに88-23で快勝 —— 大脇が16得点でゲームハイ、2連勝でグループB突破	https://basketballking.jp/news/japan/20260920/633598.html
2026-09-20 21:44	207	男子日本代表、アジア大会決勝で韓国に57-67で敗れる —— 64年ぶりの銀メダル獲得、金近が13得点	https://basketballking.jp/news/japan/20260920/633671.html
2026-09-21 01:14	208	Nike Kobe 8 Protro「Shanghai Fireworks」が2026年11月11日発売予定 —— 2013年の中国限定カラーが復活、価格200ドル	https://sneakerbardetroit.com/nike-kobe-8-protro-shanghai-fireworks-io6259-800/
2026-09-21 10:58	209	ダークグレーレザーに茶色のフェイクファー —— Nike Air Force 1 Low「NYC Rat」が10月23日発売	https://hypebeast.com/2026/9/nike-air-force-1-low-nyc-rat-iv4884-200-release-info
2026-09-21 11:57	210	ニックスは歴代最高の得失点差、サンダーはスパーズに4勝8敗 —— ESPN、NBA全30チーム「今季を左右する数字」	https://www.espn.com/nba/story/_/id/49956884/nba-2026-27-key-stat-every-team-thunder-celtics-lakers-warriors-knicks
2026-09-21 16:50	211	クリッパーズ、ジョン・ギブソン氏を暫定オーナー兼CEOに任命 —— バルマー氏が指名、NBAが承認	https://www.reddit.com/r/nba/comments/1wmhltr/charania_the_clippers_have_named_accomplished_los/
2026-09-21 18:55	212	ニコラ・バトゥム、18年のNBA生活に幕 —— 10歳の息子との動画で引退発表、フランス代表で五輪銀2度	https://www.espn.com/nba/story/_/id/49999756/nicolas-batum-announces-retirement-18-nba-seasons
2026-09-21 21:24	213	Air Jordan 9 Low「What The Kilroy」が発売開始 —— 2012年『Kilroy Pack』全6色を1足に集約、価格180ドル	https://sneakerbardetroit.com/air-jordan-9-low-what-the-kilroy/
2026-09-21 21:24	214	Nike Ja 4「Phantom」が10月発売 —— ジャ・モラント4代目シグネチャー、白ベースの新色	https://sneakerbardetroit.com/nike-ja-4-phantom-im4135-100/
2026-09-21 21:24	215	ホークス、ヴィーサーが右膝ACL断裂で今季絶望 —— 52位指名のルーキーセンター、10月に手術	https://www.espn.com/nba/story/_/id/50000438/hawks-rookie-henri-veesaar-acl-expected-miss-season
2026-09-22 00:59	216	ドック・リバーズ、指導者キャリアに完全終止符 —— 「絶対的に引退した」、通算1194勝は歴代6位、今季からNBC解説者へ	https://www.espn.com/nba/story/_/id/49999658/doc-rivers-joins-nbc-analyst-says-coaching-career-over
2026-09-22 05:06	217	Air Jordan 16「Black Pack」が2026年10月発売 —— 14 Low・15・17 Lowと並ぶオールブラックの4型パック	https://sneakernews.com/2026/09/21/air-jordan-16-black-pack-iz2586-001/
2026-09-22 10:05	218	Nike Air Force 1 Low「Gold Charms」発表 —— スネークスキンのスウッシュに取り外し可能なゴールドチャーム、価格125ドル	https://hypebeast.com/2026/9/nike-air-force-1-low-gold-charms-iz8908-100-official-images
2026-09-22 19:23	219	女子日本代表、アジア大会でフィリピンに89-67で快勝 —— 岡本美優が19得点、3戦全勝でグループB首位通過	https://basketballking.jp/news/japan/20260922/633882.html
2026-09-22 20:55	220	ルーキー4人が早くもトップ100入り —— ESPN「NBA Rank 2026」が始動、100～51位を発表	https://www.espn.com/nba/story/_/id/49965238/nba-rank-2026-players-100-51-featuring-zion-dybantsa-peterson-boozer-more
2026-09-23 04:06	222	ナイキ「LeBron Witness 10」がこのホリデーシーズンに発売 —— レブロン・ジェームズのシグネチャーライン第10弾	https://sneakernews.com/2026/09/22/nike-lebron-witness-10/
2026-09-23 04:06	221	Nike Air Force 1 Low「Jewel」発表 —— インディアナ・フィーバーのチームカラーを纏った特別仕様、品番IR5099-400	https://sneakernews.com/2026/09/22/nike-air-force-1-low-jewel-indiana-fever-ir5099-400/
2026-09-23 04:57	223	カワイ・レナード、ラプターズと2年1億1500万ドルの契約延長に合意 —— 総額3年1億6500万ドル、2028-29シーズンはプレーヤーオプション	https://www.espn.com/nba/story/_/id/50007389/raptors-agree-2-year-115m-extension-kawhi-leonard
2026-09-23 05:06	224	ホークスがバディ・ヒールドをホーネッツへトレード、フィニー＝スミスと交換で合意 —— ライアン・ネムハードと現金も動く	https://x.com/ShamsCharania
2026-09-23 05:54	225	ロケッツ、ヴァンヴリート完全復帰で新シーズン始動 —— ウドカHC「本物の旋風を起こす」	https://www.espn.com/nba/story/_/id/50007712/rockets-return-vanvleet-hope-make-real-noise
2026-09-23 12:55	226	クリッパーズ、トレント・レデンGMを暫定バスケットボール運営責任者に —— フランク氏の停職期間、ヒューズ氏がGM代行	https://www.espn.com/nba/story/_/id/50010821/clippers-name-trent-redden-interim-president-basketball-ops
2026-09-23 20:53	227	レブロン、NBA Rank史上初のトップ10圏外に —— ESPN「2026年版」50~11位発表、18位で76ers移籍後の役割は	https://www.espn.com/nba/story/_/id/50006617/nba-rank-2026-players-50-11-featuring-lebron-curry-durant-kawhi-flagg-more
2026-09-23 20:53	228	Nike Twelve Time「Halloween」が2026年秋冬発売 —— ジャ・モラントのシグネチャーに不気味な新色、品番IM4164-002	https://hypebeast.com/2026/9/nike-twelve-time-halloween-im4164-002-official-look-release-info
2026-09-23 20:53	229	Nike Air Force 1 Low「Ghostface Black」発売 —— スクリーム風のオールブラック新色、品番IZ1207-010	https://hypebeast.com/2026/9/nike-air-force-1-low-ghostface-black-iz1207-010-official-look-release-info
2026-09-24 02:11	230	カリー、契約延長交渉に「ドラマは作りたくない」—— 最大2年1億3670万ドル、ウォリアーズと選択肢を協議中	https://www.espn.com/nba/story/_/id/50013639/warriors-stephen-curry-says-no-drama-unsettled-contract
2026-09-24 02:11	231	adidas Anthony Edwards Adifoam Mule「Bliss Blue」が10月1日発売 —— シグネチャー展開に新たなスライド型	https://www.nicekicks.com/anthony-edwards-adidas-adifoam-mule-bliss-blue-kz9165/
2026-09-24 04:55	232	ニックス、タウンズとの契約延長交渉が停滞 —— キャンプ開始目前も合意は当面見込み薄、最大4年2億7300万ドルの資格	https://www.espn.com/nba/story/_/id/50014705/sources-knicks-karl-anthony-towns-contract-talks-standstill
2026-09-24 05:31	233	Kids Air Jordan 6 Low「Fearless」が10月2日発売 —— 価格155ドル	https://www.nicekicks.com/kids-air-jordan-6-low-fearless-768878-001/
2026-09-24 05:32	234	Nike Sabrina 4「Halloween」が2026年10月発売 —— サブリナ・イオネスクの4代目にヴァンパイア新色	https://sneakernews.com/2026/09/23/nike-sabrina-4-halloween-vampire-ix7058-001/
2026-09-24 10:55	235	マーベリックス、ライブリー2世がキャンプ入り未承認 —— 右足手術から回復途上、開幕出場も不透明	https://www.espn.com/nba/story/_/id/50016983/sources-mavs-dereck-lively-ii-foot-not-cleared-camp
2026-09-24 14:03	236	Nike Air Force 1 Low「Subway Rat」が2026年10月発売 —— ニューヨークの地下鉄ネズミがテーマ、ピザ柄ディテールも	https://www.nicekicks.com/nike-air-force-1-low-01-subway-rat-iv6999-001/
2026-09-24 14:53	237	レイカーズの名物PAアナウンサー、ローレンス・タンター氏が死去 —— 43年間コートサイドの「声」を担う、76歳	https://www.espn.com/nba/story/_/id/50017967/long-lakers-public-address-announcer-lawrence-tanter-dies
